TAP version 13
# (node:91144) ExperimentalWarning: Type Stripping is an experimental feature and might change at any time
# (Use `node --trace-warnings ...` to show where the warning was created)
# (node:91144) [MODULE_TYPELESS_PACKAGE_JSON] Warning: Module type of file:///Users/kaerchen/.cache/stockinsider-workspaces/research-author-result-oct09/web/src/lib/research-author-packet.ts is not specified and it doesn't parse as CommonJS.
# Reparsing as ES module because module syntax was detected. This incurs a performance overhead.
# To eliminate this warning, add "type": "module" to /Users/kaerchen/.cache/stockinsider-workspaces/research-author-result-oct09/web/package.json.
# NOTICE:  constraint "candidate_detail_snapshots_revision_hash_check" of relation "candidate_detail_snapshots" does not exist, skipping
# NOTICE:  identifier "candidate_detail_snapshots_stock_id_session_date_model_version_key" will be truncated to "candidate_detail_snapshots_stock_id_session_date_model_version_"
# NOTICE:  constraint "candidate_detail_snapshots_stock_id_session_date_model_version_" of relation "candidate_detail_snapshots" does not exist, skipping
# NOTICE:  constraint "candidate_research_dossiers_input_hash_check" of relation "candidate_research_dossiers" does not exist, skipping
# NOTICE:  constraint "candidate_research_dossiers_claims_array_check" of relation "candidate_research_dossiers" does not exist, skipping
# NOTICE:  constraint "candidate_research_dossiers_source_refs_array_check" of relation "candidate_research_dossiers" does not exist, skipping
# NOTICE:  constraint "candidate_research_dossiers_paid_content_check" of relation "candidate_research_dossiers" does not exist, skipping
# NOTICE:  constraint "candidate_research_dossiers_bundle_binding_check" of relation "candidate_research_dossiers" does not exist, skipping
# NOTICE:  trigger "trg_candidate_dossier_bundles_append_only_v4" for relation "public.candidate_dossier_bundles" does not exist, skipping
# NOTICE:  trigger "trg_candidate_research_dossiers_append_only_v4" for relation "public.candidate_research_dossiers" does not exist, skipping
# NOTICE:  trigger "trg_candidate_dossier_receipts_append_only_v4" for relation "public.candidate_dossier_submission_receipts" does not exist, skipping
# NOTICE:  trigger "trg_candidate_detail_published_append_only_v4" for relation "public.candidate_detail_snapshots" does not exist, skipping
# ERROR:  research_publication_content_hash
# CONTEXT:  PL/pgSQL function publish_research_article_v2(jsonb,uuid,text,text,text,uuid,text,uuid,text,text) line 38 at RAISE
# ERROR:  research_publication_binding
# CONTEXT:  PL/pgSQL function read_completed_research_publication_v2(jsonb,uuid,text,text,text,uuid,text,uuid,text) line 34 at RAISE
# PL/pgSQL function publish_research_article_v2(jsonb,uuid,text,text,text,uuid,text,uuid,text,text) line 8 at assignment
# ERROR:  research_publication_request
# CONTEXT:  PL/pgSQL function read_completed_research_publication_v2(jsonb,uuid,text,text,text,uuid,text,uuid,text) line 16 at RAISE
# PL/pgSQL function publish_research_article_v2(jsonb,uuid,text,text,text,uuid,text,uuid,text,text) line 8 at assignment
# ERROR:  research_publication_read_committed_required
# CONTEXT:  PL/pgSQL function read_completed_research_publication_v2(jsonb,uuid,text,text,text,uuid,text,uuid,text) line 8 at RAISE
# PL/pgSQL function publish_research_article_v2(jsonb,uuid,text,text,text,uuid,text,uuid,text,text) line 8 at assignment
# ERROR:  synthetic_publication_abort
# CONTEXT:  PL/pgSQL function fixture_publication_abort() line 1 at RAISE
# SQL statement "INSERT INTO public.candidate_dossier_bundles(bundle_id,revision_kind,research_input_revision_id,research_company_id,research_snapshot_hash,input_hash,symbol,payload)
#  VALUES(gen_random_uuid(),'research_input_v2',i.revision_id,i.research_company_id,i.snapshot_hash,i.input_hash,i.canonical_payload->'researchIdentity'->>'symbol',v)
#  ON CONFLICT(research_input_revision_id,input_hash) WHERE revision_kind='research_input_v2' DO NOTHING"
# PL/pgSQL function ensure_research_publication_bundle_v2(uuid,text) line 10 at SQL statement
# PL/pgSQL function publish_research_article_v2(jsonb,uuid,text,text,text,uuid,text,uuid,text,text) line 41 at assignment
# ERROR:  synthetic_publication_abort
# CONTEXT:  PL/pgSQL function fixture_publication_abort() line 1 at RAISE
# SQL statement "INSERT INTO public.candidate_dossier_outbox_v5(bundle_id,revision_kind,research_input_revision_id,research_company_id,research_snapshot_hash,input_hash,publication_kind,deep_job_id,deep_attempt)
#  VALUES(b,'research_input_v2',i.revision_id,i.research_company_id,i.snapshot_hash,i.input_hash,'deep',j.job_id,i.attempt)
#  ON CONFLICT(research_input_revision_id,input_hash,publication_kind) WHERE revision_kind='research_input_v2' DO NOTHING"
# PL/pgSQL function publish_research_article_v2(jsonb,uuid,text,text,text,uuid,text,uuid,text,text) line 42 at SQL statement
# ERROR:  synthetic_publication_abort
# CONTEXT:  PL/pgSQL function fixture_publication_abort() line 1 at RAISE
# SQL statement "UPDATE public.candidate_dossier_outbox_v5 SET status='running',attempts=1,lease_owner=a.work_owner,lease_expires_at=expiry,updated_at=clock_timestamp() WHERE job_id=o.job_id"
# PL/pgSQL function publish_research_article_v2(jsonb,uuid,text,text,text,uuid,text,uuid,text,text) line 50 at SQL statement
# ERROR:  synthetic_publication_abort
# CONTEXT:  PL/pgSQL function fixture_publication_abort() line 1 at RAISE
# SQL statement "INSERT INTO public.candidate_research_dossiers(narrative_kind,content,validation_status,bundle_hash,detail_payload_hash,bundle_id,input_hash,
#   claims,source_references,claim_fact_map,published_at,revision_kind,research_input_revision_id,research_company_id,research_snapshot_hash,
#   research_author_result_id,research_reviewer_result_id,source_seal_id)
#  VALUES('codex_enriched',content,'valid',i.input_hash,i.input_hash,b,i.input_hash,'[]',ar.payload->'validatedArticle'->'sources','{}',clock_timestamp(),
#   'research_input_v2',i.revision_id,i.research_company_id,i.snapshot_hash,ar.result_id,rr.result_id,i.source_seal_id) RETURNING id"
# PL/pgSQL function publish_research_article_v2(jsonb,uuid,text,text,text,uuid,text,uuid,text,text) line 56 at SQL statement
# ERROR:  synthetic_publication_abort
# CONTEXT:  PL/pgSQL function fixture_publication_abort() line 1 at RAISE
# SQL statement "INSERT INTO public.candidate_dossier_submission_receipts(bundle_id,input_hash,dossier_id,submission_hash,status,revision_kind,
#   research_input_revision_id,research_company_id,research_snapshot_hash,research_author_result_id,research_reviewer_result_id,source_seal_id,research_request_hash)
#  VALUES(b,i.input_hash,d,sh,'accepted','research_input_v2',i.revision_id,i.research_company_id,i.snapshot_hash,ar.result_id,rr.result_id,i.source_seal_id,rh) RETURNING submission_id"
# PL/pgSQL function publish_research_article_v2(jsonb,uuid,text,text,text,uuid,text,uuid,text,text) line 61 at SQL statement
# ERROR:  synthetic_publication_abort
# CONTEXT:  PL/pgSQL function fixture_publication_abort() line 1 at RAISE
# SQL statement "UPDATE public.research_deep_jobs_v1 SET status='completed',lease_owner=NULL,lease_expires_at=NULL,receipt_id=c,completion_owner=a.work_owner,
#   completion_outbox_owner=a.work_owner,completion_outbox_job_id=o.job_id,completion_reviewer_result_id=rr.result_id,
#   completion_article_hash=ar.payload->'validatedArticle'->>'articleHash',completion_submission_hash=sh,terminal_reason=NULL,finished_at=clock_timestamp()
#  WHERE job_id=j.job_id"
# PL/pgSQL function publish_research_article_v2(jsonb,uuid,text,text,text,uuid,text,uuid,text,text) line 66 at SQL statement
# ERROR:  synthetic_publication_abort
# CONTEXT:  PL/pgSQL function fixture_publication_abort() line 1 at RAISE
# SQL statement "UPDATE public.candidate_dossier_outbox_v5 SET status='accepted',lease_owner=NULL,lease_expires_at=NULL,receipt_id=c,last_submission_hash=sh,updated_at=clock_timestamp() WHERE job_id=o.job_id"
# PL/pgSQL function publish_research_article_v2(jsonb,uuid,text,text,text,uuid,text,uuid,text,text) line 65 at SQL statement
# Subtest: atomic publication: original private pipeline, synthetic reports — positive
    # Subtest: unpublished read, altered hash/result/role and isolation reject without effects
    ok 1 - unpublished read, altered hash/result/role and isolation reject without effects
      ---
      duration_ms: 615.03775
      ...
    # Subtest: failure after each durable publication effect rolls back all rows and original lease
    ok 2 - failure after each durable publication effect rolls back all rows and original lease
      ---
      duration_ms: 1707.29975
      ...
# ERROR:  research_publication_branch_mismatch
# CONTEXT:  PL/pgSQL function fence_research_dossier_insert_v2() line 9 at RAISE
# ERROR:  research_publication_branch_mismatch
# CONTEXT:  PL/pgSQL function fence_research_dossier_insert_v2() line 9 at RAISE
# ERROR:  new row for relation "candidate_research_dossiers" violates check constraint "research_dossier_revision_union_v2"
# DETAIL:  Failing row contains (6d3b356f-1c40-4890-af2e-02d2245026bc, null, codex_enriched, {}, {}, valid, [], 2026-10-10 00:35:50.14853+08, null, null, null, null, [], [], null, null, legacy_detail_v1, null, null, null, null, null, null).
# ERROR:  research_publication_writer_required
# CONTEXT:  PL/pgSQL function fence_research_dossier_insert_v2() line 22 at RAISE
    # Subtest: real recalculation and concurrent publish yield one immutable existing receipt with no new charges
    ok 3 - real recalculation and concurrent publish yield one immutable existing receipt with no new charges
      ---
      duration_ms: 931.121041
      ...
    # Subtest: legacy detail cannot disguise a v2 bundle or v2 dossier through direct service insert
    ok 4 - legacy detail cannot disguise a v2 bundle or v2 dossier through direct service insert
      ---
      duration_ms: 289.863125
      ...
    # Subtest: original valid legacy writer still publishes its own bundle after v2 migration
    ok 5 - original valid legacy writer still publishes its own bundle after v2 migration
      ---
      duration_ms: 70.137459
      ...
    # Subtest: restart and exact replay return original receipt without live claim
    ok 6 - restart and exact replay return original receipt without live claim
      ---
      duration_ms: 438.092125
      ...
# ERROR:  candidate_dossier_revisions_are_append_only
# CONTEXT:  PL/pgSQL function reject_candidate_dossier_revision_mutation_v4() line 3 at RAISE
# ERROR:  candidate_dossier_revisions_are_append_only
# CONTEXT:  PL/pgSQL function reject_candidate_dossier_revision_mutation_v4() line 3 at RAISE
# NOTICE:  truncate cascades to table "candidate_dossier_submission_receipts"
# NOTICE:  truncate cascades to table "research_deep_jobs_v1"
# NOTICE:  truncate cascades to table "candidate_dossier_outbox_v5"
# NOTICE:  truncate cascades to table "research_input_preparations_v2"
# ERROR:  permission denied for table research_input_preparations_v2
# NOTICE:  truncate cascades to table "research_deep_jobs_v1"
# NOTICE:  truncate cascades to table "candidate_dossier_outbox_v5"
# NOTICE:  truncate cascades to table "research_input_preparations_v2"
# ERROR:  permission denied for table research_input_preparations_v2
# ERROR:  research_publication_transition_writer
# CONTEXT:  PL/pgSQL function fence_research_publication_lineage_v2() line 14 at RAISE
# ERROR:  research_publication_replay_content
# CONTEXT:  PL/pgSQL function publish_research_article_v2(jsonb,uuid,text,text,text,uuid,text,uuid,text,text) line 11 at RAISE
    # Subtest: completed replay holds source fence before withdrawal; original bytes remain immutable
    ok 7 - completed replay holds source fence before withdrawal; original bytes remain immutable
      ---
      duration_ms: 1228.599375
      ...
    # Subtest: direct service mutation, truncate and changed completed replay denied
    ok 8 - direct service mutation, truncate and changed completed replay denied
      ---
      duration_ms: 425.854416
      ...
    1..8
ok 1 - atomic publication: original private pipeline, synthetic reports — positive
  ---
  duration_ms: 12079.43125
  ...
# NOTICE:  constraint "candidate_detail_snapshots_revision_hash_check" of relation "candidate_detail_snapshots" does not exist, skipping
# NOTICE:  identifier "candidate_detail_snapshots_stock_id_session_date_model_version_key" will be truncated to "candidate_detail_snapshots_stock_id_session_date_model_version_"
# NOTICE:  constraint "candidate_detail_snapshots_stock_id_session_date_model_version_" of relation "candidate_detail_snapshots" does not exist, skipping
# NOTICE:  constraint "candidate_research_dossiers_input_hash_check" of relation "candidate_research_dossiers" does not exist, skipping
# NOTICE:  constraint "candidate_research_dossiers_claims_array_check" of relation "candidate_research_dossiers" does not exist, skipping
# NOTICE:  constraint "candidate_research_dossiers_source_refs_array_check" of relation "candidate_research_dossiers" does not exist, skipping
# NOTICE:  constraint "candidate_research_dossiers_paid_content_check" of relation "candidate_research_dossiers" does not exist, skipping
# NOTICE:  constraint "candidate_research_dossiers_bundle_binding_check" of relation "candidate_research_dossiers" does not exist, skipping
# NOTICE:  trigger "trg_candidate_dossier_bundles_append_only_v4" for relation "public.candidate_dossier_bundles" does not exist, skipping
# NOTICE:  trigger "trg_candidate_research_dossiers_append_only_v4" for relation "public.candidate_research_dossiers" does not exist, skipping
# NOTICE:  trigger "trg_candidate_dossier_receipts_append_only_v4" for relation "public.candidate_dossier_submission_receipts" does not exist, skipping
# NOTICE:  trigger "trg_candidate_detail_published_append_only_v4" for relation "public.candidate_detail_snapshots" does not exist, skipping
# Subtest: atomic publication: original private pipeline, synthetic reports — new-revision
    # Subtest: committed source-first new-revision wins shared fence and blocks waiting first publication
    ok 1 - committed source-first new-revision wins shared fence and blocks waiting first publication
      ---
      duration_ms: 1126.341917
      ...
    1..1
ok 2 - atomic publication: original private pipeline, synthetic reports — new-revision
  ---
  duration_ms: 4752.901083
  ...
# NOTICE:  constraint "candidate_detail_snapshots_revision_hash_check" of relation "candidate_detail_snapshots" does not exist, skipping
# NOTICE:  identifier "candidate_detail_snapshots_stock_id_session_date_model_version_key" will be truncated to "candidate_detail_snapshots_stock_id_session_date_model_version_"
# NOTICE:  constraint "candidate_detail_snapshots_stock_id_session_date_model_version_" of relation "candidate_detail_snapshots" does not exist, skipping
# NOTICE:  constraint "candidate_research_dossiers_input_hash_check" of relation "candidate_research_dossiers" does not exist, skipping
# NOTICE:  constraint "candidate_research_dossiers_claims_array_check" of relation "candidate_research_dossiers" does not exist, skipping
# NOTICE:  constraint "candidate_research_dossiers_source_refs_array_check" of relation "candidate_research_dossiers" does not exist, skipping
# NOTICE:  constraint "candidate_research_dossiers_paid_content_check" of relation "candidate_research_dossiers" does not exist, skipping
# NOTICE:  constraint "candidate_research_dossiers_bundle_binding_check" of relation "candidate_research_dossiers" does not exist, skipping
# NOTICE:  trigger "trg_candidate_dossier_bundles_append_only_v4" for relation "public.candidate_dossier_bundles" does not exist, skipping
# NOTICE:  trigger "trg_candidate_research_dossiers_append_only_v4" for relation "public.candidate_research_dossiers" does not exist, skipping
# NOTICE:  trigger "trg_candidate_dossier_receipts_append_only_v4" for relation "public.candidate_dossier_submission_receipts" does not exist, skipping
# NOTICE:  trigger "trg_candidate_detail_published_append_only_v4" for relation "public.candidate_detail_snapshots" does not exist, skipping
# Subtest: atomic publication: original private pipeline, synthetic reports — rights-ABA
    # Subtest: committed source-first rights-ABA wins shared fence and blocks waiting first publication
    ok 1 - committed source-first rights-ABA wins shared fence and blocks waiting first publication
      ---
      duration_ms: 1130.761167
      ...
    1..1
ok 3 - atomic publication: original private pipeline, synthetic reports — rights-ABA
  ---
  duration_ms: 3894.885167
  ...
# NOTICE:  constraint "candidate_detail_snapshots_revision_hash_check" of relation "candidate_detail_snapshots" does not exist, skipping
# NOTICE:  identifier "candidate_detail_snapshots_stock_id_session_date_model_version_key" will be truncated to "candidate_detail_snapshots_stock_id_session_date_model_version_"
# NOTICE:  constraint "candidate_detail_snapshots_stock_id_session_date_model_version_" of relation "candidate_detail_snapshots" does not exist, skipping
# NOTICE:  constraint "candidate_research_dossiers_input_hash_check" of relation "candidate_research_dossiers" does not exist, skipping
# NOTICE:  constraint "candidate_research_dossiers_claims_array_check" of relation "candidate_research_dossiers" does not exist, skipping
# NOTICE:  constraint "candidate_research_dossiers_source_refs_array_check" of relation "candidate_research_dossiers" does not exist, skipping
# NOTICE:  constraint "candidate_research_dossiers_paid_content_check" of relation "candidate_research_dossiers" does not exist, skipping
# NOTICE:  constraint "candidate_research_dossiers_bundle_binding_check" of relation "candidate_research_dossiers" does not exist, skipping
# NOTICE:  trigger "trg_candidate_dossier_bundles_append_only_v4" for relation "public.candidate_dossier_bundles" does not exist, skipping
# NOTICE:  trigger "trg_candidate_research_dossiers_append_only_v4" for relation "public.candidate_research_dossiers" does not exist, skipping
# NOTICE:  trigger "trg_candidate_dossier_receipts_append_only_v4" for relation "public.candidate_dossier_submission_receipts" does not exist, skipping
# NOTICE:  trigger "trg_candidate_detail_published_append_only_v4" for relation "public.candidate_detail_snapshots" does not exist, skipping
# ERROR:  research_publication_live_fence
# CONTEXT:  PL/pgSQL function publish_research_article_v2(jsonb,uuid,text,text,text,uuid,text,uuid,text,text) line 27 at RAISE
# Subtest: atomic publication: original private pipeline, synthetic reports — unaccepted-review
    # Subtest: saved unaccepted-review cannot become a first publication and all effects rollback
    ok 1 - saved unaccepted-review cannot become a first publication and all effects rollback
      ---
      duration_ms: 412.18875
      ...
    1..1
ok 4 - atomic publication: original private pipeline, synthetic reports — unaccepted-review
  ---
  duration_ms: 3180.179125
  ...
# NOTICE:  constraint "candidate_detail_snapshots_revision_hash_check" of relation "candidate_detail_snapshots" does not exist, skipping
# NOTICE:  identifier "candidate_detail_snapshots_stock_id_session_date_model_version_key" will be truncated to "candidate_detail_snapshots_stock_id_session_date_model_version_"
# NOTICE:  constraint "candidate_detail_snapshots_stock_id_session_date_model_version_" of relation "candidate_detail_snapshots" does not exist, skipping
# NOTICE:  constraint "candidate_research_dossiers_input_hash_check" of relation "candidate_research_dossiers" does not exist, skipping
# NOTICE:  constraint "candidate_research_dossiers_claims_array_check" of relation "candidate_research_dossiers" does not exist, skipping
# NOTICE:  constraint "candidate_research_dossiers_source_refs_array_check" of relation "candidate_research_dossiers" does not exist, skipping
# NOTICE:  constraint "candidate_research_dossiers_paid_content_check" of relation "candidate_research_dossiers" does not exist, skipping
# NOTICE:  constraint "candidate_research_dossiers_bundle_binding_check" of relation "candidate_research_dossiers" does not exist, skipping
# NOTICE:  trigger "trg_candidate_dossier_bundles_append_only_v4" for relation "public.candidate_dossier_bundles" does not exist, skipping
# NOTICE:  trigger "trg_candidate_research_dossiers_append_only_v4" for relation "public.candidate_research_dossiers" does not exist, skipping
# NOTICE:  trigger "trg_candidate_dossier_receipts_append_only_v4" for relation "public.candidate_dossier_submission_receipts" does not exist, skipping
# NOTICE:  trigger "trg_candidate_detail_published_append_only_v4" for relation "public.candidate_detail_snapshots" does not exist, skipping
# ERROR:  new row for relation "candidate_research_dossiers" violates check constraint "candidate_research_dossiers_paid_content_check"
# CONTEXT:  SQL statement "INSERT INTO public.candidate_research_dossiers(narrative_kind,content,validation_status,bundle_hash,detail_payload_hash,bundle_id,input_hash,
#   claims,source_references,claim_fact_map,published_at,revision_kind,research_input_revision_id,research_company_id,research_snapshot_hash,
#   research_author_result_id,research_reviewer_result_id,source_seal_id)
#  VALUES('codex_enriched',content,'valid',i.input_hash,i.input_hash,b,i.input_hash,'[]',ar.payload->'validatedArticle'->'sources','{}',clock_timestamp(),
#   'research_input_v2',i.revision_id,i.research_company_id,i.snapshot_hash,ar.result_id,rr.result_id,i.source_seal_id) RETURNING id"
# PL/pgSQL function publish_research_article_v2(jsonb,uuid,text,text,text,uuid,text,uuid,text,text) line 56 at SQL statement
# Subtest: atomic publication: original private pipeline, synthetic reports — paid-content
    # Subtest: saved paid-content cannot become a first publication and all effects rollback
    ok 1 - saved paid-content cannot become a first publication and all effects rollback
      ---
      duration_ms: 680.926833
      ...
    1..1
ok 5 - atomic publication: original private pipeline, synthetic reports — paid-content
  ---
  duration_ms: 4162.968209
  ...
# preserved atomic publication failure: /tmp/si-rresult-p3EVr3
# Subtest: atomic publication: original private pipeline, synthetic reports — expires-waiting
not ok 6 - atomic publication: original private pipeline, synthetic reports — expires-waiting
  ---
  duration_ms: 16310.928459
  location: '/Users/kaerchen/.cache/stockinsider-workspaces/research-author-result-oct09/scripts/research-atomic-publication-postgres.test.mjs:283:138'
  failureType: 'testCodeFailure'
  error: 'spawnSync /opt/homebrew/Cellar/postgresql@17/17.10/bin/psql ETIMEDOUT'
  code: 'ETIMEDOUT'
  stack: |-
    Object.spawnSync (node:internal/child_process:1120:20)
    spawnSync (node:child_process:868:24)
    execFileSync (node:child_process:911:15)
    run (file:///Users/kaerchen/.cache/stockinsider-workspaces/research-author-result-oct09/scripts/research-atomic-publication-postgres.test.mjs:36:38)
    sql (file:///Users/kaerchen/.cache/stockinsider-workspaces/research-author-result-oct09/scripts/research-atomic-publication-postgres.test.mjs:37:20)
    make (file:///Users/kaerchen/.cache/stockinsider-workspaces/research-author-result-oct09/scripts/research-atomic-publication-postgres.test.mjs:111:35)
    async prepare (file:///Users/kaerchen/.cache/stockinsider-workspaces/research-author-result-oct09/scripts/research-atomic-publication-postgres.test.mjs:116:47)
    async publicationFixture (file:///Users/kaerchen/.cache/stockinsider-workspaces/research-author-result-oct09/scripts/research-atomic-publication-postgres.test.mjs:120:13)
    async Test.run (node:internal/test_runner/test:980:9)
    async Test.processPendingSubtests (node:internal/test_runner/test:677:7)
  ...
# NOTICE:  constraint "candidate_detail_snapshots_revision_hash_check" of relation "candidate_detail_snapshots" does not exist, skipping
# NOTICE:  identifier "candidate_detail_snapshots_stock_id_session_date_model_version_key" will be truncated to "candidate_detail_snapshots_stock_id_session_date_model_version_"
# NOTICE:  constraint "candidate_detail_snapshots_stock_id_session_date_model_version_" of relation "candidate_detail_snapshots" does not exist, skipping
# NOTICE:  constraint "candidate_research_dossiers_input_hash_check" of relation "candidate_research_dossiers" does not exist, skipping
# NOTICE:  constraint "candidate_research_dossiers_claims_array_check" of relation "candidate_research_dossiers" does not exist, skipping
# NOTICE:  constraint "candidate_research_dossiers_source_refs_array_check" of relation "candidate_research_dossiers" does not exist, skipping
# NOTICE:  constraint "candidate_research_dossiers_paid_content_check" of relation "candidate_research_dossiers" does not exist, skipping
# NOTICE:  constraint "candidate_research_dossiers_bundle_binding_check" of relation "candidate_research_dossiers" does not exist, skipping
# NOTICE:  trigger "trg_candidate_dossier_bundles_append_only_v4" for relation "public.candidate_dossier_bundles" does not exist, skipping
# NOTICE:  trigger "trg_candidate_research_dossiers_append_only_v4" for relation "public.candidate_research_dossiers" does not exist, skipping
# NOTICE:  trigger "trg_candidate_dossier_receipts_append_only_v4" for relation "public.candidate_dossier_submission_receipts" does not exist, skipping
# NOTICE:  trigger "trg_candidate_detail_published_append_only_v4" for relation "public.candidate_detail_snapshots" does not exist, skipping
# Subtest: atomic publication: original private pipeline, synthetic reports — publication-first
    # Subtest: first uncommitted publication holds original source fence; later committed withdrawal preserves bytes
    ok 1 - first uncommitted publication holds original source fence; later committed withdrawal preserves bytes
      ---
      duration_ms: 1241.713459
      ...
    1..1
ok 7 - atomic publication: original private pipeline, synthetic reports — publication-first
  ---
  duration_ms: 4009.11275
  ...
# (node:92843) ExperimentalWarning: Type Stripping is an experimental feature and might change at any time
# (Use `node --trace-warnings ...` to show where the warning was created)
# (node:92843) [MODULE_TYPELESS_PACKAGE_JSON] Warning: Module type of file:///Users/kaerchen/.cache/stockinsider-workspaces/research-author-result-oct09/web/src/lib/research-atomic-publication.ts is not specified and it doesn't parse as CommonJS.
# Reparsing as ES module because module syntax was detected. This incurs a performance overhead.
# To eliminate this warning, add "type": "module" to /Users/kaerchen/.cache/stockinsider-workspaces/research-author-result-oct09/web/package.json.
# Subtest: closed publication request permits only original result identities; all mixed controls rejected
ok 8 - closed publication request permits only original result identities; all mixed controls rejected
  ---
  duration_ms: 267.78625
  ...
# Subtest: stalled reader cancels under original deadline, expired execution starts zero I/O
ok 9 - stalled reader cancels under original deadline, expired execution starts zero I/O
  ---
  duration_ms: 121.447583
  ...
# Subtest: only actual independent configured author bearer can reach publication body
ok 10 - only actual independent configured author bearer can reach publication body
  ---
  duration_ms: 4.570625
  ...
# Subtest: saved reports and calculators revalidated; no synthetic reviewer Request or caller prose authority
ok 11 - saved reports and calculators revalidated; no synthetic reviewer Request or caller prose authority
  ---
  duration_ms: 561.215416
  ...
# Subtest: completed read precedes live readers and never reserves or rewrites content
ok 12 - completed read precedes live readers and never reserves or rewrites content
  ---
  duration_ms: 89.78225
  ...
1..12
# tests 25
# suites 0
# pass 24
# fail 1
# cancelled 0
# skipped 0
# todo 0
# duration_ms 53662.552875
