TAP version 13
# Subtest: packages only the standalone runtime and binds a full git identity
ok 1 - packages only the standalone runtime and binds a full git identity
  ---
  duration_ms: 377.972666
  ...
# Subtest: release manifest covers every research dependency and verification rejects altered evidence
ok 2 - release manifest covers every research dependency and verification rejects altered evidence
  ---
  duration_ms: 375.630792
  ...
# Subtest: release verification rejects a modified runtime file
ok 3 - release verification rejects a modified runtime file
  ---
  duration_ms: 245.736125
  ...
# Subtest: accepts identical bundled static and public assets, but rejects mismatches
ok 4 - accepts identical bundled static and public assets, but rejects mismatches
  ---
  duration_ms: 670.944333
  ...
# Subtest: verification CLI cannot skip a release symlink invocation
ok 5 - verification CLI cannot skip a release symlink invocation
  ---
  duration_ms: 30.904166
  ...
# Subtest: packager CLI cannot skip a checkout symlink invocation
ok 6 - packager CLI cannot skip a checkout symlink invocation
  ---
  duration_ms: 28.565667
  ...
# Subtest: rejects incomplete builds, short commit ids and traced backup or env files
ok 7 - rejects incomplete builds, short commit ids and traced backup or env files
  ---
  duration_ms: 218.577583
  ...
# Subtest: rejects mismatched source or packager identity and dirty tracked tooling
ok 8 - rejects mismatched source or packager identity and dirty tracked tooling
  ---
  duration_ms: 248.819708
  ...
# (node:44808) ExperimentalWarning: Type Stripping is an experimental feature and might change at any time
# (Use `node --trace-warnings ...` to show where the warning was created)
# (node:44808) [MODULE_TYPELESS_PACKAGE_JSON] Warning: Module type of file:///Users/kaerchen/.cache/stockinsider-workspaces/research-author-result-oct09/web/src/lib/research-financial-file-reader.ts is not specified and it doesn't parse as CommonJS.
# Reparsing as ES module because module syntax was detected. This incurs a performance overhead.
# To eliminate this warning, add "type": "module" to /Users/kaerchen/.cache/stockinsider-workspaces/research-author-result-oct09/web/package.json.
# Subtest: both runtime layouts contain only pinned research inputs and real readers load both companies
ok 9 - both runtime layouts contain only pinned research inputs and real readers load both companies
  ---
  duration_ms: 261.361
  ...
# Subtest: missing, altered and symlinked inputs reject before any research output is created
ok 10 - missing, altered and symlinked inputs reject before any research output is created
  ---
  duration_ms: 144.25575
  ...
# Subtest: output symlinks, existing files and escaped entrypoints cannot redirect or overwrite evidence
ok 11 - output symlinks, existing files and escaped entrypoints cannot redirect or overwrite evidence
  ---
  duration_ms: 43.011125
  ...
# Subtest: legacy fixtures skip research; a feature-enabled release cannot omit its manifest
ok 12 - legacy fixtures skip research; a feature-enabled release cannot omit its manifest
  ---
  duration_ms: 30.673541
  ...
1..12
# tests 12
# suites 0
# pass 12
# fail 0
# cancelled 0
# skipped 0
# todo 0
# duration_ms 2246.061041
